<html>
<body>
<pre>
<h1>礦ision Build Log</h1>
<h2>Tool Versions:</h2>
IDE-Version: μVision V5.28.0.0
Copyright (C) 2019 ARM Ltd and ARM Germany GmbH. All rights reserved.
License Information: 1 张晓丽, Hewlett-Packard, LIC=FYKZ9-4L2RW-8TI3P-M34ZX-G89H2-4WFLN
 
Tool Versions:
Toolchain:       MDK-ARM Plus  Version: 5.28.0.0
Toolchain Path:  D:\Keil\ARM\ARMCC\Bin
C Compiler:      Armcc.exe V5.06 update 6 (build 750)
Assembler:       Armasm.exe V5.06 update 6 (build 750)
Linker/Locator:  ArmLink.exe V5.06 update 6 (build 750)
Library Manager: ArmAr.exe V5.06 update 6 (build 750)
Hex Converter:   FromElf.exe V5.06 update 6 (build 750)
CPU DLL:         SARMCM3.DLL V5.28.0.0
Dialog DLL:      DCM.DLL V1.17.3.0
Target DLL:      STLink\ST-LINKIII-KEIL_SWO.dll V3.0.6.0
Dialog DLL:      TCM.DLL V1.36.2.0
 
<h2>Project:</h2>
C:\Users\Lithromantic\Desktop\esp01s\USER\gpio.uvprojx
Project File Date:  11/24/2019

<h2>Output:</h2>
*** Using Compiler 'V5.06 update 6 (build 750)', folder: 'D:\Keil\ARM\ARMCC\Bin'
Build target 'Target 1'
compiling ATcall.c...
..\HARDWARE\AT\AT_ESP.h(23): warning:  #1295-D: Deprecated declaration ClearESPBuffer - give arg types
  void ClearESPBuffer();
..\HARDWARE\AT\AT_ESP.h(24): warning:  #1295-D: Deprecated declaration CheckResponse - give arg types
  char CheckResponse();
..\HARDWARE\ATcall\ATcall.h(8): warning:  #1295-D: Deprecated declaration WiFiReadData - give arg types
  void WiFiReadData();//将WiFi接收到的数据通过usart1发送
..\HARDWARE\ATcall\ATcall.c(84): warning:  #1-D: last line of file ends without a newline
  }
..\HARDWARE\ATcall\ATcall.c: 4 warnings, 0 errors
compiling main.c...
..\HARDWARE\AT\AT_ESP.h(23): warning:  #1295-D: Deprecated declaration ClearESPBuffer - give arg types
  void ClearESPBuffer();
..\HARDWARE\AT\AT_ESP.h(24): warning:  #1295-D: Deprecated declaration CheckResponse - give arg types
  char CheckResponse();
..\HARDWARE\ATcall\ATcall.h(8): warning:  #1295-D: Deprecated declaration WiFiReadData - give arg types
  void WiFiReadData();//将WiFi接收到的数据通过usart1发送
main.c(18): warning:  #1-D: last line of file ends without a newline
  }
main.c: 4 warnings, 0 errors
linking...
Program Size: Code=6646 RO-data=274 RW-data=56 ZI-data=1352  
FromELF: creating hex file...
"..\OBJ\LED.axf" - 0 Error(s), 8 Warning(s).

<h2>Software Packages used:</h2>

Package Vendor: Keil
                http://www.keil.com/pack/Keil.STM32F1xx_DFP.1.0.5.pack
                Keil.STM32F1xx_DFP.1.0.5
                STMicroelectronics STM32F1 Series Device Support, Drivers and Examples

<h2>Collection of Component include folders:</h2>
  .\RTE\_Target_1
  D:\Keil\ARM\PACK\Keil\STM32F1xx_DFP\1.0.5\Device\Include

<h2>Collection of Component Files used:</h2>
Build Time Elapsed:  00:00:02
</pre>
</body>
</html>
